Reusing configuration cache.
> Task :core:presentation:preBuild UP-TO-DATE
> Task :app:checkKotlinGradlePluginConfigurationErrors SKIPPED
> Task :core:domain:checkKotlinGradlePluginConfigurationErrors SKIPPED
> Task :app:preBuild UP-TO-DATE
> Task :core:presentation:preDebugBuild UP-TO-DATE
> Task :app:preDebugBuild UP-TO-DATE
> Task :core:presentation:checkKotlinGradlePluginConfigurationErrors SKIPPED
> Task :core:domain:processResources NO-SOURCE
> Task :app:generateDebugBuildConfig UP-TO-DATE
> Task :core:presentation:writeDebugAarMetadata UP-TO-DATE
> Task :core:presentation:processDebugNavigationResources UP-TO-DATE
> Task :app:generateDebugResValues UP-TO-DATE
> Task :core:presentation:generateDebugResValues UP-TO-DATE
> Task :core:domain:compileKotlin UP-TO-DATE
> Task :app:generateDebugResources UP-TO-DATE
> Task :core:presentation:generateDebugResources UP-TO-DATE
> Task :app:createDebugCompatibleScreenManifests UP-TO-DATE
> Task :app:packageDebugResources UP-TO-DATE
> Task :app:extractDeepLinksDebug UP-TO-DATE
> Task :core:presentation:extractDeepLinksDebug UP-TO-DATE
> Task :core:presentation:processDebugManifest UP-TO-DATE
> Task :core:presentation:javaPreCompileDebug UP-TO-DATE
> Task :core:presentation:packageDebugResources UP-TO-DATE
> Task :core:domain:compileJava NO-SOURCE
> Task :core:domain:classes UP-TO-DATE
> Task :core:domain:jar UP-TO-DATE
> Task :app:processDebugNavigationResources UP-TO-DATE
> Task :core:presentation:parseDebugLocalResources UP-TO-DATE
> Task :app:compileDebugNavigationResources UP-TO-DATE
> Task :core:presentation:generateDebugRFile UP-TO-DATE
> Task :app:checkDebugAarMetadata UP-TO-DATE
> Task :app:parseDebugLocalResources UP-TO-DATE
> Task :core:presentation:compileDebugLibraryResources UP-TO-DATE
> Task :app:mapDebugSourceSetPaths UP-TO-DATE
> Task :app:mergeDebugResources UP-TO-DATE
> Task :core:presentation:compileDebugKotlin UP-TO-DATE
> Task :core:presentation:compileDebugJavaWithJavac NO-SOURCE
> Task :core:presentation:bundleLibCompileToJarDebug UP-TO-DATE
> Task :app:processDebugMainManifest UP-TO-DATE
> Task :app:processDebugManifest UP-TO-DATE
> Task :app:processDebugManifestForPackage UP-TO-DATE
> Task :app:processDebugResources UP-TO-DATE
> Task :app:kspDebugKotlin UP-TO-DATE

> Task :app:compileDebugKotlin
.\gradlew.bat : e: file:///D:/Kushal/projects/vibe-main/vibe-on-android/app/src
/main/java/moe/memesta/vibeon/widget/LikedWidget.kt:34:31 Unresolved reference 
'defaultWeight'.
At line:1 char:53
+ ... main\vibe-on-android" ; .\gradlew.bat compileDebugKotlin 2>&1 | tee b ...
+                             ~~~~~~~~~~~~~~~~~~~~~~~~~~~~~~~~~~~~~
    + CategoryInfo          : NotSpecified: (e: file:///D:/K...defaultWeight'. 
   :String) [], RemoteException
    + FullyQualifiedErrorId : NativeCommandError
 

> Task :app:compileDebugKotlin FAILED

FAILURE: Build failed with an exception.

* What went wrong:
Execution failed for task ':app:compileDebugKotlin'.
> A failure occurred while executing org.jetbrains.kotlin.compilerRunner.Gradle
CompilerRunnerWithWorkers$GradleKotlinCompilerWorkAction
   > Compilation error. See log for more details

* Try:
> Run with --stacktrace option to get the stack trace.
> Run with --info or --debug option to get more log output.
> Run with --scan to get full insights.
> Get more help at https://help.gradle.org.

BUILD FAILED in 16s
33 actionable tasks: 1 executed, 32 up-to-date
Configuration cache entry reused.
